components/hero-carousel.tsx(57,82): error TS2322: Type 'AutoplayType' is not assignable to type 'CreatePluginType<LoosePluginType, {}>'.
  Type 'AutoplayType' is not assignable to type '{ name: string; options: Partial<{ active: boolean; breakpoints: { [key: string]: Omit<Partial<...>, "breakpoints">; }; }>; init: (embla: EmblaCarouselType, OptionsHandler: OptionsHandlerType) => void; destroy: () => void; }'.
    Types of property 'init' are incompatible.
      Type '(embla: import("C:/Users/mouha/OneDrive/Bureau/Mbor B. Store WebSite/node_modules/embla-carousel/esm/components/EmblaCarousel").EmblaCarouselType, OptionsHandler: import("C:/Users/mouha/OneDrive/Bureau/Mbor B. Store WebSite/node_modules/embla-carousel/esm/components/OptionsHandler").OptionsHandlerType) => void' is not assignable to type '(embla: import("C:/Users/mouha/OneDrive/Bureau/Mbor B. Store WebSite/node_modules/embla-carousel-react/node_modules/embla-carousel/esm/components/EmblaCarousel").EmblaCarouselType, OptionsHandler: import("C:/Users/mouha/OneDrive/Bureau/Mbor B. Store WebSite/node_modules/embla-carousel-react/node_modules/embla-carous...'.
        Types of parameters 'embla' and 'embla' are incompatible.
          Type 'import("C:/Users/mouha/OneDrive/Bureau/Mbor B. Store WebSite/node_modules/embla-carousel-react/node_modules/embla-carousel/esm/components/EmblaCarousel").EmblaCarouselType' is not assignable to type 'import("C:/Users/mouha/OneDrive/Bureau/Mbor B. Store WebSite/node_modules/embla-carousel/esm/components/EmblaCarousel").EmblaCarouselType'.
            The types of 'internalEngine().eventHandler.init' are incompatible between these types.
              Type '(emblaApi: import("C:/Users/mouha/OneDrive/Bureau/Mbor B. Store WebSite/node_modules/embla-carousel-react/node_modules/embla-carousel/esm/components/EmblaCarousel").EmblaCarouselType) => void' is not assignable to type '(emblaApi: import("C:/Users/mouha/OneDrive/Bureau/Mbor B. Store WebSite/node_modules/embla-carousel/esm/components/EmblaCarousel").EmblaCarouselType) => void'.
                Types of parameters 'emblaApi' and 'emblaApi' are incompatible.
                  Type 'import("C:/Users/mouha/OneDrive/Bureau/Mbor B. Store WebSite/node_modules/embla-carousel/esm/components/EmblaCarousel").EmblaCarouselType' is not assignable to type 'import("C:/Users/mouha/OneDrive/Bureau/Mbor B. Store WebSite/node_modules/embla-carousel-react/node_modules/embla-carousel/esm/components/EmblaCarousel").EmblaCarouselType'.
                    The types of 'internalEngine().eventHandler.on' are incompatible between these types.
                      Type '(evt: import("C:/Users/mouha/OneDrive/Bureau/Mbor B. Store WebSite/node_modules/embla-carousel/esm/components/EventHandler").EmblaEventType, cb: CallbackType) => import("C:/Users/mouha/OneDrive/Bureau/Mbor B. Store WebSite/node_modules/embla-carousel/esm/components/EventHandler").EventHandlerType' is not assignable to type '(evt: import("C:/Users/mouha/OneDrive/Bureau/Mbor B. Store WebSite/node_modules/embla-carousel-react/node_modules/embla-carousel/esm/components/EventHandler").EmblaEventType, cb: CallbackType) => import("C:/Users/mouha/OneDrive/Bureau/Mbor B. Store WebSite/node_modules/embla-carousel-react/node_modules/embla-carouse...'.
                        Types of parameters 'cb' and 'cb' are incompatible.
                          Types of parameters 'evt' and 'evt' are incompatible.
                            Type 'import("C:/Users/mouha/OneDrive/Bureau/Mbor B. Store WebSite/node_modules/embla-carousel/esm/components/EventHandler").EmblaEventType' is not assignable to type 'import("C:/Users/mouha/OneDrive/Bureau/Mbor B. Store WebSite/node_modules/embla-carousel-react/node_modules/embla-carousel/esm/components/EventHandler").EmblaEventType'.
                              Type '"autoplay:play"' is not assignable to type 'EmblaEventType'.
